TODO with Ne = 10, obs error experiment 5, method 1
drz rmse file not found
kar rmse file not found
big rmse file not found
cnt rmse file not found
bigs rmse file not found
TODO with Ne = 10, obs error experiment 5, method 1
drz rmse file not found
kar rmse file not found
big rmse file not found
cnt rmse file not found
bigs rmse file not found
TODO with Ne = 10, obs error experiment 5, method 1
drz rmse file not found
kar rmse file not found
big rmse file not found
cnt rmse file not found
bigs rmse file not found
TODO with Ne = 10, obs error experiment 5, method 1
drz rmse file not found
kar rmse file not found
big rmse file not found
cnt rmse file not found
bigs rmse file not found
TODO with Ne = 10, obs error experiment 5, method 1
drz rmse file not found
kar rmse file not found
big rmse file not found
cnt rmse file not found
bigs rmse file not found
TODO with Ne = 10, obs error experiment 5, method 1
drz rmse file not found
kar rmse file not found
big rmse file not found
cnt rmse file not found
bigs rmse file not found
TODO with Ne = 10, obs error experiment 5, method 1
drz rmse file not found
kar rmse file not found
big rmse file not found
cnt rmse file not found
bigs rmse file not found
with Ne = 10, obs error experiment 5, method 1
with Ne = 10, obs error experiment 5, method 1
drz rmse file not found
kar rmse file not found
big rmse file not found
cnt rmse file not found
bigs rmse file not found
with Ne = 10, obs error experiment 5, method 1
/Users/santer/dart-nle/experiments/output//rmse__1.npy
drz rmse file not found
kar rmse file not found
big rmse file not found
cnt rmse file not found
bigs rmse file not found
with Ne = 10, obs error experiment 5, method 1
with Ne = 10, obs error experiment 5, method 1
/Users/santer/dart-nle/experiments/output/l63_gaussian_high_10ens_10800/rmse_gaussian_high_1.npy
drz rmse file not found
kar rmse file not found
big rmse file not found
cnt rmse file not found
bigs rmse file not found
with Ne = 10, obs error experiment 5, method 1
/Users/santer/dart-nle/experiments/output/run_gaussian_high/rmse_gaussian_high_1.npy
drz rmse file not found
kar rmse file not found
big rmse file not found
cnt rmse file not found
bigs rmse file not found
with Ne = 10, obs error experiment 5, method 1
/Users/santer/dart-nle/experiments/output/run_gaussian_high1/rmse_gaussian_high_1.npy
drz rmse file not found
kar rmse file not found
big rmse file not found
cnt rmse file not found
bigs rmse file not found
with Ne = 10, obs error experiment 5, method 1
with Ne = 10, obs error experiment 5, method 1
with Ne = 10, obs error experiment 5, method 1
with Ne = 10, obs error experiment 5, method 1
drz rmse file not found
kar rmse file not found
big rmse file not found
cnt rmse file not found
bigs rmse file not found
with Ne = 10, obs error experiment 5, method 1
drz rmse file not found
kar rmse file not found
big rmse file not found
cnt rmse file not found
bigs rmse file not found
with Ne = 10, obs error experiment 5, method 1
/Users/santer/dart-nle/experiments/output/run_gaussian_high1/rmse_gaussian_high/filter_1.npy
drz rmse file not found
kar rmse file not found
big rmse file not found
cnt rmse file not found
bigs rmse file not found
with Ne = 10, obs error experiment 5, method 1
/Users/santer/dart-nle/experiments/output/run_gaussian_high/filter1/rmse_gaussian_high/filter_1.npy
drz rmse file not found
kar rmse file not found
big rmse file not found
cnt rmse file not found
bigs rmse file not found
with Ne = 10, obs error experiment 5, method 1
/Users/santer/dart-nle/experiments/output/run_gaussian_high/filter1/rmse_gaussian_high_1.npy
kar rmse file not found
big rmse file not found
cnt rmse file not found
bigs rmse file not found
with Ne = 10, obs error experiment 5, method 1
/Users/santer/dart-nle/experiments/output/run_gaussian_high/filter1/rmse_gaussian_high_1.npy
kar rmse file not found
big rmse file not found
cnt rmse file not found
bigs rmse file not found
with Ne = 10, obs error experiment 5, method 1
/Users/santer/dart-nle/experiments/output/run_gaussian_high/filter1/rmse_gaussian_high_1.npy
kar rmse file not found
big rmse file not found
cnt rmse file not found
bigs rmse file not found
with Ne = 10, obs error experiment 5, method 1
/Users/santer/dart-nle/experiments/output/run_gaussian_high/filter1/rmse_gaussian_high_1.npy
kar rmse file not found
big rmse file not found
cnt rmse file not found
bigs rmse file not found
with Ne = 10, obs error experiment 5, method 1
/Users/santer/dart-nle/experiments/output/run_gaussian_high/filter1/rmse_gaussian_high_1.npy
kar rmse file not found
big rmse file not found
cnt rmse file not found
bigs rmse file not found
with Ne = 10, obs error experiment 5, method 1
/Users/santer/dart-nle/experiments/output/run_gaussian_high/filter1/rmse_gaussian_high_1.npy
kar rmse file not found
big rmse file not found
cnt rmse file not found
bigs rmse file not found
with Ne = 10, obs error experiment 5, method 1
/Users/santer/dart-nle/experiments/output/run_gaussian_high/filter1/rmse_gaussian_high_1.npy
kar rmse file not found
big rmse file not found
cnt rmse file not found
bigs rmse file not found
with Ne = 10, obs error experiment 5, method 1
/Users/santer/dart-nle/experiments/output/run_gaussian_high/filter1/rmse_gaussian_high_1.npy
kar rmse file not found
big rmse file not found
cnt rmse file not found
bigs rmse file not found
onto methods DBCP
onto methods KAR
onto methods ABIG-S
with Ne = 10, obs error experiment 5, method 1
/Users/santer/dart-nle/experiments/output/run_gaussian_high/filter1/rmse_gaussian_high_1.npy
kar rmse file not found
big rmse file not found
cnt rmse file not found
bigs rmse file not found
0.0
0.0
0.0
0.0
onto methods DBCP
onto methods KAR
onto methods ABIG-S
with Ne = 10, obs error experiment 5, method 1
/Users/santer/dart-nle/experiments/output/run_gaussian_high/filter1/rmse_gaussian_high_1.npy
kar rmse file not found
big rmse file not found
cnt rmse file not found
bigs rmse file not found
0.0
0.0
0.0
0.0
onto methods DBCP
[3.2211218  3.945046   0.01010622]
onto methods KAR
0.0
onto methods ABIG-S
0.0
with Ne = 10, obs error experiment 5, method 1
/Users/santer/dart-nle/experiments/output/run_gaussian_high/filter1/rmse_gaussian_high_1.npy
kar rmse file not found
big rmse file not found
cnt rmse file not found
bigs rmse file not found
0.0
0.0
0.0
0.0
onto methods DBCP
[3.2211218  3.945046   0.01010622]
onto methods KAR
0.0
onto methods ABIG-S
0.0
with Ne = 10, obs error experiment 5, method 1
/Users/santer/dart-nle/experiments/output/run_gaussian_high/filter1/rmse_gaussian_high_1.npy
kar rmse file not found
big rmse file not found
cnt rmse file not found
bigs rmse file not found
0.0
0.0
0.0
0.0
onto methods DBCP
(500, 3)
onto methods KAR
(500,)
onto methods ABIG-S
(500,)
with Ne = 10, obs error experiment 5, method 1
/Users/santer/dart-nle/experiments/output/run_gaussian_high/filter1/rmse_gaussian_high_1.npy
kar rmse file not found
big rmse file not found
cnt rmse file not found
bigs rmse file not found
0.0
0.0
0.0
0.0
onto methods DBCP
(500,)
onto methods KAR
with Ne = 10, obs error experiment 5, method 1
/Users/santer/dart-nle/experiments/output/run_gaussian_high/filter1/rmse_gaussian_high_1.npy
kar rmse file not found
big rmse file not found
cnt rmse file not found
bigs rmse file not found
0.0
0.0
0.0
0.0
onto methods DBCP
(500,)
onto methods KAR
(500,)
onto methods ABIG-S
(500,)
with Ne = 10, obs error experiment 5, method 1
/Users/santer/dart-nle/experiments/output/run_gaussian_high/filter1/rmse_gaussian_high_1.npy
kar rmse file not found
big rmse file not found
cnt rmse file not found
bigs rmse file not found
0.0
0.0
0.0
0.0
onto methods DBCP
(500,)
onto methods KAR
(500,)
onto methods ABIG-S
(500,)
with Ne = 10, obs error experiment 5, method 1
/Users/santer/dart-nle/experiments/output/run_gaussian_high/filter1/rmse_gaussian_high_1.npy
kar rmse file not found
big rmse file not found
cnt rmse file not found
bigs rmse file not found
0.0
0.0
0.0
0.0
onto methods DBCP
(500,)
onto methods KAR
(500,)
onto methods ABIG-S
(500,)
with Ne = 10, obs error experiment 5, method 1
/Users/santer/dart-nle/experiments/output/run_gaussian_high/filter1/rmse_gaussian_high_1.npy
kar rmse file not found
big rmse file not found
cnt rmse file not found
bigs rmse file not found
0.0
0.0
0.0
0.0
onto methods DBCP
(500,)
onto methods KAR
(500,)
onto methods ABIG-S
(500,)
with Ne = 10, obs error experiment 5, method 1
/Users/santer/dart-nle/experiments/output/run_gaussian_high/filter1/rmse_gaussian_high_1.npy
kar rmse file not found
big rmse file not found
cnt rmse file not found
bigs rmse file not found
0.0
0.0
0.0
0.0
onto methods DBCP
(500,)
onto methods KAR
(500,)
onto methods ABIG-S
(500,)
with Ne = 10, obs error experiment 5, method 1
/Users/santer/dart-nle/experiments/output/run_gaussian_high/filter1/rmse_gaussian_high_1.npy
kar rmse file not found
big rmse file not found
cnt rmse file not found
bigs rmse file not found
0.0
0.0
0.0
0.0
onto methods DBCP
(500,)
onto methods KAR
(500,)
onto methods ABIG-S
(500,)
with Ne = 10, obs error experiment 5, method 1
/Users/santer/dart-nle/experiments/output/run_gaussian_high/filter1/rmse_gaussian_high_1.npy
kar rmse file not found
big rmse file not found
cnt rmse file not found
bigs rmse file not found
0.0
0.0
0.0
0.0
onto methods DBCP
(500,)
onto methods KAR
(500,)
onto methods ABIG-S
(500,)
with Ne = 10, obs error experiment 5, method 1
/Users/santer/dart-nle/experiments/output/run_gaussian_high/filter1/rmse_gaussian_high_1.npy
kar rmse file not found
big rmse file not found
cnt rmse file not found
bigs rmse file not found
0.0
0.0
0.0
0.0
onto methods DBCP
(500,)
onto methods KAR
(500,)
onto methods ABIG-S
(500,)
with Ne = 10, obs error experiment 5, method 1
/Users/santer/dart-nle/experiments/output/run_gaussian_high/filter1/rmse_gaussian_high_1.npy
kar rmse file not found
big rmse file not found
cnt rmse file not found
bigs rmse file not found
0.0
0.0
0.0
0.0
onto methods DBCP
[2.3920913 4.526521  2.699343  3.5634441 1.6362602]
onto methods KAR
[0. 0. 0. 0. 0.]
onto methods ABIG-S
[0. 0. 0. 0. 0.]
with Ne = 10, obs error experiment 5, method 1
/Users/santer/dart-nle/experiments/output/run_gaussian_high/filter1/rmse_gaussian_high_1.npy
kar rmse file not found
big rmse file not found
cnt rmse file not found
bigs rmse file not found
0.0
0.0
0.0
0.0
[2.3920913  4.526521   2.699343   3.5634441  1.6362602  2.1467292
 2.1560876  2.6539903  3.4560192  2.179679   2.8581285  2.4562023
 2.43446    2.1005094  3.3085458  3.1358109  2.0970523  2.4033144
 3.5996659  2.6692474  3.2704866  2.518054   1.6964506  0.8555911
 1.4214368  2.1851985  3.1288087  1.6211672  3.2028475  1.955047
 1.997765   2.443884   1.9558786  3.1918218  1.1951824  2.6114597
 3.139909   2.2024453  1.338041   2.3098638  2.4192514  1.6247783
 3.2075527  2.1098926  2.98546    2.6607976  1.5718673  2.0065422
 1.627987   1.4106826  2.6109133  2.7013204  1.308647   1.4182295
 2.4087594  3.2044246  2.4736786  1.871179   1.1972437  0.80436033
 1.6068634  1.2888776  3.6695287  2.109898   3.4148045  0.9424732
 1.8473921  1.923882   1.7003937  2.025463   0.57460314 2.8693383
 3.3691254  1.1247805  0.7744989  3.9275084  1.3561348  1.4419533
 1.7505631  0.87801695 1.5045714  2.537113   1.56364    1.9306215
 1.4106127  1.2055918  1.5697726  2.6142423  0.75663    1.7845467
 2.1173284  0.8892185  2.5574758  1.2397219  1.1492461  2.1339118
 3.0516636  0.832583   1.1642528  0.59579664 1.4528257  2.244364
 3.4387925  0.64031106 1.4011754  2.8585384  1.0319062  2.2039049
 2.4902275  3.050782   3.2352874  2.1760714  1.7288378  2.3499415
 2.060459   1.7341038  0.9509018  1.1408691  2.2595117  1.9680754
 1.9861151  1.4110044  0.817553   2.560188   2.3166258  0.9495104
 2.2929862  1.1630096  0.77178884 1.165646   2.489601   2.1015613
 1.9594685  1.5863994  1.0716642  2.4380853  3.4769433  0.88343334
 0.73703456 2.102018   1.6181421  0.7807091  1.9182018  0.97569394
 2.042944   2.2692556  1.3998622  2.091047   3.5086765  1.232864
 2.047341   1.0382205  1.8860425  1.6652442  1.1507655  1.922726
 2.5256445  3.7825463  0.3709301  1.8024446  1.7515539  0.5686757
 2.561909   1.0659347  1.4928579  0.90034074 2.5380535  2.4340072
 1.8289385  2.5443695  2.107253   1.3940135  1.3891436  1.6581402
 3.7967415  1.7964634  2.1055682  2.6368675  2.2036023  1.3870758
 2.5034852  3.8426888  2.5650275  0.7902226  1.9000031  0.5010316
 1.9837136  1.4685464  0.5961294  1.7399639  3.0678263  2.439223
 3.1999235  0.92376614 0.7948823  0.8560422  1.8093582  1.0644685
 0.969249   1.8090287  2.3377192  1.7713372  0.8768998  2.9579878
 2.4521122  2.718632   0.8057148  2.3215437  2.8513076  2.4698465
 2.9218874  1.1683011  1.3613163  1.9969617  2.6932485  1.5430865
 1.6412677  1.7566744  1.8436781  1.4326277  1.751049   1.270348
 2.0652761  1.729355   1.0204078  1.7194624  2.0930922  2.7003934
 3.6282082  0.7663745  2.9825428  1.7360469  1.7536246  2.1733706
 1.7430409  1.58486    1.8128375  1.1657276  1.6260916  2.5002112
 2.1649673  1.2998013  1.9727403  1.6489283  1.6324745  1.2130557
 2.5257995  1.8636484  3.0906785  1.0932499  1.4421502  0.60024744
 2.5794504  1.1280714  2.12229    1.4728022  0.46731246 0.84475064
 2.7804947  2.1114342  1.4043278  0.7303216  1.2424663  0.88624984
 2.0172112  1.3592614  2.9383793  1.2347628  1.1728456  0.8748992
 2.551381   2.744138   1.2918313  2.5759995  2.1305006  1.4804254
 1.6647654  1.7408098  0.17836124 2.8983786  2.617287   1.4928468
 3.4326887  1.5109476  3.3664105  0.84126997 1.3936162  2.201234
 0.378852   2.8702128  1.7067642  2.270648   1.9228015  1.8714393
 3.3511174  1.2299306  2.4498854  1.0516254  1.3256407  1.5247912
 2.267089   1.9332069  0.859041   1.0470096  1.6852704  1.6877285
 2.3844755  2.8506472  1.3624169  1.011598   1.4925585  2.0490892
 1.0721153  0.9619849  1.074075   2.542179   2.2495058  2.7159386
 1.7321987  2.6350448  3.4324503  2.348091   1.7910851  1.5771031
 2.8257854  2.4720638  2.375734   1.201894   1.809379   1.2354766
 2.0517595  1.8217297  0.9338836  0.661134   1.4923266  3.4553413
 2.0812848  3.277877   2.0325994  1.5655994  0.8718398  0.5719612
 1.8937954  1.3212849  1.0499638  1.7883714  0.983902   1.4882665
 2.8073397  2.1988602  2.873978   0.9597632  1.5871722  1.4960035
 2.5961678  3.0628269  1.7092551  1.806938   1.5491023  3.519909
 1.487115   1.7089753  1.9054335  2.1645105  0.91945595 0.6556095
 2.2683852  1.9641577  1.7414354  1.2150182  2.5628657  1.7239567
 1.5508045  1.1933832  1.2886579  1.1284289  0.7820297  1.2949635
 0.5618122  2.2481687  2.6196144  1.5254955  0.9392212  1.2024758
 1.5221668  1.872769   1.7689987  1.2451158  1.424748   3.595913
 0.9619704  2.669901   1.3937143  2.588588   1.2575603  2.4609973
 3.8436143  0.26493433 1.1322325  2.7711077  1.4036714  1.4604048
 0.43723884 2.65418    1.2913667  2.2180004  1.5105829  0.3268322
 1.4756945  1.7719647  1.338995   1.2355856  3.268143   0.95009303
 1.2084683  2.4087238  1.9956231  2.1349344  0.6233614  2.0535176
 2.053386   1.1683774  3.4207184  0.7928242  2.6114652  1.0514674
 1.3984166  1.7309879  2.542004   1.8843418  1.7501739  3.5501423
 3.203059   2.5729825  0.713365   1.4626335  2.9621277  1.4183015
 2.3213701  1.6203461  1.9710871  0.8637528  1.4898304  1.8343906
 2.2124536  0.9730885  1.2894987  2.7919147  0.98381084 1.4247408
 3.495898   1.1713547  2.1713371  2.7054741  0.94577545 1.5394068
 2.4747074  1.6565698  2.0190485  0.71025705 1.2724628  2.423589
 1.7292398  1.4648671  2.1305072  0.95144534 0.56731504 1.080881
 1.1325423  3.3927639  1.1549679  0.31975946 0.94435954 1.779396
 1.412392   3.732666   0.57498246 1.2645504  0.92385215 2.0998173
 2.7749712  1.5245818  2.7610528  2.3062842  2.1692886  1.7571015
 0.9908247  1.2304851  1.642891   0.9149058  2.1879013  1.1125964
 2.3690538  1.762488   2.2526255  1.7966176  2.361001   1.6408037
 2.7306187  0.8148449 ]
onto methods DBCP
[2.3920913 4.526521  2.699343  3.5634441 1.6362602]
onto methods KAR
[0. 0. 0. 0. 0.]
onto methods ABIG-S
[0. 0. 0. 0. 0.]
